// Jest Snapshot v1, https://goo.gl/fbAQLP

exports[`<FloatingLabelInput /> Jest tests renders correctly 1`] = `
<View
  style={
    Array [
      Object {
        "position": "relative",
      },
    ]
  }
>
  <Text
    style={
      Object {
        "fontSize": 12,
        "left": 14,
        "opacity": 0.5,
        "position": "absolute",
        "top": 0,
      }
    }
  >
    <Text
      style={
        Array [
          Object {
            "color": "#fff",
            "fontFamily": "Roboto-Light",
          },
        ]
      }
    />
  </Text>
  <TextInput
    allowFontScaling={true}
    onBlur={[Function]}
    onChangeText={[Function]}
    onFocus={[Function]}
    rejectResponderTermination={true}
    secureTextEntry={false}
    style={
      Array [
        Object {
          "borderBottomColor": "rgba(211,200,230,0.5)",
          "borderBottomWidth": 1,
          "color": "#fff",
          "fontFamily": "Roboto-Light",
          "fontSize": 16,
          "paddingBottom": 18,
          "paddingLeft": 14,
          "paddingRight": 14,
          "paddingTop": 18,
        },
      ]
    }
    underlineColorAndroid="transparent"
    value="Some test text value"
  />
</View>
`;
