// Jest Snapshot v1, https://goo.gl/fbAQLP

exports[`<SearchInput /> Jest tests renders correctly 1`] = `
<View
  accessible={true}
  focusable={true}
  onClick={[Function]}
  onResponderGrant={[Function]}
  onResponderMove={[Function]}
  onResponderRelease={[Function]}
  onResponderTerminate={[Function]}
  onResponderTerminationRequest={[Function]}
  onStartShouldSetResponder={[Function]}
  style={
    Object {
      "opacity": 1,
    }
  }
>
  <View
    style={
      Array [
        Object {
          "alignItems": "center",
          "flexDirection": "row",
        },
      ]
    }
  >
    <Image
      source={
        Object {
          "testUri": "../../../assets/search.png",
        }
      }
      style={
        Array [
          Object {
            "height": 32,
            "marginLeft": 8,
            "width": 32,
          },
        ]
      }
    />
  </View>
</View>
`;
